// Jest Snapshot v1, https://goo.gl/fbAQLP

exports[`should render Counter without crashing 1`] = `
<div
  style={
    Object {
      "margin": "0 auto",
    }
  }
>
  <h2>
    Counter: 
    0
  </h2>
  <button
    className="btn btn-default"
    onClick={[Function]}
  >
    Increment
  </button>
   
  <button
    className="btn btn-default"
    onClick={[Function]}
  >
    Double (Async)
  </button>
</div>
`;
